// Jest Snapshot v1, https://goo.gl/fbAQLP

exports[`RoutePreferencesPanel should render 1`] = `
{
  "asFragment": [Function],
  "baseElement": <body>
    <div>
      <div
        class="route-preferences-panel"
      >
        <button
          class="route-preferences-panel__button"
        >
          Route Preferences
        </button>
        <button
          class="route-preferences-panel__button"
        >
          Export Route as GeoJSON
        </button>
        <button
          class="route-preferences-panel__button"
        >
          Export Route as GPX
        </button>
        <button
          class="route-preferences-panel__button"
        >
          Log in to Strava
        </button>
        <button
          class="route-preferences-panel__button"
        >
          Share
        </button>
        <div
          class="route-preferences-panel__preferences"
          style="width: 0px; height: 0px;"
        >
          <div
            class="route-preferences-panel__preferences__preference"
          >
            <p>
              Avoid:
            </p>
            <div
              class="checkbox-list"
            >
              <div
                class="checkbox-item"
              >
                <input
                  class="checkbox-input"
                  id="avoidSteps"
                  name="Steps"
                  type="checkbox"
                  value="steps"
                />
                <label
                  class="checkbox-label"
                  for="avoidSteps"
                >
                  Steps
                </label>
              </div>
              <div
                class="checkbox-item"
              >
                <input
                  class="checkbox-input"
                  id="avoidFerries"
                  name="Ferries"
                  type="checkbox"
                  value="ferries"
                />
                <label
                  class="checkbox-label"
                  for="avoidFerries"
                >
                  Ferries
                </label>
              </div>
              <div
                class="checkbox-item"
              >
                <input
                  class="checkbox-input"
                  id="avoidFords"
                  name="Fords"
                  type="checkbox"
                  value="fords"
                />
                <label
                  class="checkbox-label"
                  for="avoidFords"
                >
                  Fords
                </label>
              </div>
            </div>
          </div>
        </div>
        <div
          class="share-panel__preferences"
          style="width: 0px; height: 0px;"
        >
          <div
            class="share-panel__preferences__preference"
          >
            <div
              class="button-list"
            >
              <button
                class="share-panel__button"
                id="shareEmailButton"
                type="button"
              >
                Email
              </button>
              <button
                class="share-panel__button"
                id="shareStravaButton"
                type="button"
              >
                Strava Activity
              </button>
            </div>
          </div>
        </div>
      </div>
    </div>
  </body>,
  "container": <div>
    <div
      class="route-preferences-panel"
    >
      <button
        class="route-preferences-panel__button"
      >
        Route Preferences
      </button>
      <button
        class="route-preferences-panel__button"
      >
        Export Route as GeoJSON
      </button>
      <button
        class="route-preferences-panel__button"
      >
        Export Route as GPX
      </button>
      <button
        class="route-preferences-panel__button"
      >
        Log in to Strava
      </button>
      <button
        class="route-preferences-panel__button"
      >
        Share
      </button>
      <div
        class="route-preferences-panel__preferences"
        style="width: 0px; height: 0px;"
      >
        <div
          class="route-preferences-panel__preferences__preference"
        >
          <p>
            Avoid:
          </p>
          <div
            class="checkbox-list"
          >
            <div
              class="checkbox-item"
            >
              <input
                class="checkbox-input"
                id="avoidSteps"
                name="Steps"
                type="checkbox"
                value="steps"
              />
              <label
                class="checkbox-label"
                for="avoidSteps"
              >
                Steps
              </label>
            </div>
            <div
              class="checkbox-item"
            >
              <input
                class="checkbox-input"
                id="avoidFerries"
                name="Ferries"
                type="checkbox"
                value="ferries"
              />
              <label
                class="checkbox-label"
                for="avoidFerries"
              >
                Ferries
              </label>
            </div>
            <div
              class="checkbox-item"
            >
              <input
                class="checkbox-input"
                id="avoidFords"
                name="Fords"
                type="checkbox"
                value="fords"
              />
              <label
                class="checkbox-label"
                for="avoidFords"
              >
                Fords
              </label>
            </div>
          </div>
        </div>
      </div>
      <div
        class="share-panel__preferences"
        style="width: 0px; height: 0px;"
      >
        <div
          class="share-panel__preferences__preference"
        >
          <div
            class="button-list"
          >
            <button
              class="share-panel__button"
              id="shareEmailButton"
              type="button"
            >
              Email
            </button>
            <button
              class="share-panel__button"
              id="shareStravaButton"
              type="button"
            >
              Strava Activity
            </button>
          </div>
        </div>
      </div>
    </div>
  </div>,
  "debug": [Function],
  "findAllByAltText": [Function],
  "findAllByDisplayValue": [Function],
  "findAllByLabelText": [Function],
  "findAllByPlaceholderText": [Function],
  "findAllByRole": [Function],
  "findAllByTestId": [Function],
  "findAllByText": [Function],
  "findAllByTitle": [Function],
  "findByAltText": [Function],
  "findByDisplayValue": [Function],
  "findByLabelText": [Function],
  "findByPlaceholderText": [Function],
  "findByRole": [Function],
  "findByTestId": [Function],
  "findByText": [Function],
  "findByTitle": [Function],
  "getAllByAltText": [Function],
  "getAllByDisplayValue": [Function],
  "getAllByLabelText": [Function],
  "getAllByPlaceholderText": [Function],
  "getAllByRole": [Function],
  "getAllByTestId": [Function],
  "getAllByText": [Function],
  "getAllByTitle": [Function],
  "getByAltText": [Function],
  "getByDisplayValue": [Function],
  "getByLabelText": [Function],
  "getByPlaceholderText": [Function],
  "getByRole": [Function],
  "getByTestId": [Function],
  "getByText": [Function],
  "getByTitle": [Function],
  "queryAllByAltText": [Function],
  "queryAllByDisplayValue": [Function],
  "queryAllByLabelText": [Function],
  "queryAllByPlaceholderText": [Function],
  "queryAllByRole": [Function],
  "queryAllByTestId": [Function],
  "queryAllByText": [Function],
  "queryAllByTitle": [Function],
  "queryByAltText": [Function],
  "queryByDisplayValue": [Function],
  "queryByLabelText": [Function],
  "queryByPlaceholderText": [Function],
  "queryByRole": [Function],
  "queryByTestId": [Function],
  "queryByText": [Function],
  "queryByTitle": [Function],
  "rerender": [Function],
  "unmount": [Function],
}
`;
